[33mÔØ»[39m Building...
[32mÔ£ö[39m Building...
Application bundle generation failed. [2.899 seconds]

node.exe : [1m[33m[33mÔû▓ 
[43;33m[[43;30mWARNING[43;33m][0m 
[1mNG8113: Reel is not used within the 
template of Home[0m [1m[35m[plugin 
angular-compiler][0m
En C:\Users\ACER\AppData\Roaming\npm\ng.ps1: 
24 Carácter: 5
+     & "node$exe"  
"$basedir/node_modules/@angular/cli/bin/ng.js" 
$arg ...
+     ~~~~~~~~~~~~~~~~~~~~~~~~~~~~~~~~~~~~~~~~~
~~~~~~~~~~~~~~~~~~~~~~~~
    + CategoryInfo          : NotSpecified: ( 
   [1m[33m[33mÔ...r-compiler][0m:String) [  
  ], RemoteException
    + FullyQualifiedErrorId : NativeCommandErr 
   or
 

    src/app/pages/home/home.ts:12:86:
[37m      12 Ôöé ...ponent, HeroComponent, 
HeaderComponent, EncuestasComponent, 
[32mReel[37m],
         ÔòÁ                                   
                             [32m~~~~[0m

[39m[22m
[1m[31m[31mX 
[41;31m[[41;97mERROR[41;31m][0m 
[1mNG5002: Unexpected closing tag "div". It 
may happen when the tag has already been 
closed by another tag. For more info see https:
//www.w3.org/TR/html5/syntax.html#closing-eleme
nts-that-have-implied-end-tags[0m 
[1m[35m[plugin angular-compiler][0m

    src/app/pages/components/encuesta/encuesta.
html:38:0:
[37m      38 Ôöé [32m</div>[37m
         ÔòÁ [32m~~~~~~[0m

  Error occurs in the template of component 
EncuestasComponent.

    src/app/pages/components/encuesta/encuesta.
ts:10:15:
[37m      10 Ôöé   templateUrl: 
[32m'./encuesta.html'[37m,
         ÔòÁ                
[32m~~~~~~~~~~~~~~~~~[0m

[39m[22m
